{"timestamp":"2026-04-16T11:39:08.2021608Z","level":"INFO","message":"Opening WinpkFilter driver (NDISAPI)"}
{"timestamp":"2026-04-16T11:39:08.2037894Z","level":"INFO","message":"WinpkFilter driver opened","data":{"version":"6.2.12288"}}
{"timestamp":"2026-04-16T11:39:08.2064132Z","level":"INFO","message":"Tunnel mode activated","data":{"adapter":"Ethernet 4","mac":"fe:26:71:e3:12:9a"}}
{"timestamp":"2026-04-16T11:39:08.2069316Z","level":"INFO","message":"Skipping virtual adapter","data":{"mac":"f6:26:79:73:6f:7c","name":"Local Area Connection* 10"}}
{"timestamp":"2026-04-16T11:39:08.2080556Z","level":"INFO","message":"Skipping virtual adapter","data":{"mac":"f4:26:79:73:6f:7d","name":"Local Area Connection* 9"}}
{"timestamp":"2026-04-16T11:39:08.2090993Z","level":"INFO","message":"Skipping virtual adapter","data":{"mac":"00:00:00:00:00:00","name":"Gradient"}}
{"timestamp":"2026-04-16T11:39:08.2102581Z","level":"INFO","message":"Skipping virtual adapter","data":{"mac":"00:00:00:00:00:00","name":"Local Area Connection* 8"}}
{"timestamp":"2026-04-16T11:39:08.2113298Z","level":"INFO","message":"Skipping virtual adapter","data":{"mac":"00:00:00:00:00:00","name":"Local Area Connection* 7"}}
{"timestamp":"2026-04-16T11:39:08.2123792Z","level":"INFO","message":"Skipping virtual adapter","data":{"mac":"00:00:00:00:00:00","name":"Local Area Connection* 6"}}
{"timestamp":"2026-04-16T11:39:08.2134212Z","level":"INFO","message":"Tunnel mode activated","data":{"adapter":"Wi-Fi","mac":"f4:26:79:73:6f:7c"}}
{"timestamp":"2026-04-16T11:39:08.2144874Z","level":"INFO","message":"Tunnel mode activated","data":{"adapter":"Ethernet","mac":"58:11:22:86:fd:c4"}}
{"timestamp":"2026-04-16T11:39:08.2150226Z","level":"INFO","message":"Skipping virtual adapter","data":{"mac":"0a:00:27:00:00:0b","name":"Ethernet 2"}}
{"timestamp":"2026-04-16T11:39:08.2160728Z","level":"INFO","message":"Monitoring adapters","data":{"count":3}}
{"timestamp":"2026-04-16T11:39:08.2203088Z","level":"INFO","message":"gRPC server created","data":{"address":"127.0.0.1:50051"}}
{"timestamp":"2026-04-16T11:39:08.2385355Z","level":"INFO","message":"DNS cache flushed","data":{"output":"Windows IP Configuration\r\n\r\nSuccessfully flushed the DNS Resolver Cache."}}
{"timestamp":"2026-04-16T11:39:08.2396187Z","level":"INFO","message":"Domain blocklist: waiting for Firewall Engine sync"}
{"timestamp":"2026-04-16T11:39:08.2476375Z","level":"INFO","message":"Loaded DoH server blocklist from file","data":{"count":27,"path":"D:\\SafeOpsFV2\\bin\\safeops-engine\\configs\\doh_servers.txt"}}
{"timestamp":"2026-04-16T11:39:08.2487338Z","level":"INFO","message":"DoH server blocklist loaded","data":{"count":27,"path":"D:\\SafeOpsFV2\\bin\\safeops-engine\\configs\\doh_servers.txt"}}
{"timestamp":"2026-04-16T11:39:08.2556531Z","level":"INFO","message":"Loaded blocked ports from file","data":{"count":16,"path":"D:\\SafeOpsFV2\\bin\\safeops-engine\\configs\\blocked_ports.txt"}}
{"timestamp":"2026-04-16T11:39:08.2567643Z","level":"INFO","message":"VPN port blocklist loaded","data":{"count":16,"path":"D:\\SafeOpsFV2\\bin\\safeops-engine\\configs\\blocked_ports.txt"}}
{"timestamp":"2026-04-16T11:39:08.2577983Z","level":"INFO","message":"Starting gRPC server","data":{"address":"127.0.0.1:50051"}}
{"timestamp":"2026-04-16T11:39:08.2588839Z","level":"INFO","message":"Control API server starting","data":{"address":"127.0.0.1:50052"}}
{"timestamp":"2026-04-16T11:39:08.3410654Z","level":"INFO","message":"Block page CA already in cert store, replacing"}
{"timestamp":"2026-04-16T11:39:08.4344875Z","level":"INFO","message":"Block page CA installed in trusted root store","data":{"cert_path":"D:\\SafeOpsFV2\\bin\\safeops-engine\\safeops-blockpage-ca.crt"}}
{"timestamp":"2026-04-16T11:39:08.4355399Z","level":"INFO","message":"Block page server starting (HTTP)","data":{"address":"127.0.0.1:80"}}
{"timestamp":"2026-04-16T11:39:08.4355399Z","level":"INFO","message":"Multi-NIC packet processing started","data":{"adapters":3}}
{"timestamp":"2026-04-16T11:39:08.4355399Z","level":"INFO","message":"Block page server starting (HTTPS)","data":{"address":"127.0.0.1:443"}}
{"timestamp":"2026-04-16T11:39:08.4355399Z","level":"INFO","message":"SafeOps Engine initialized","data":{"block_page":"127.0.0.1:80","control_listen":"127.0.0.1:50052","grpc_listen":"127.0.0.1:50051","mode":"fast-slow-path","version":"4.0.0"}}
{"timestamp":"2026-04-16T11:39:08.437237Z","level":"INFO","message":"Waiting for packets on all NICs..."}
{"timestamp":"2026-04-16T11:39:09.7693295Z","level":"INFO","message":"New metadata subscriber","data":{"filters":["tcp","udp"],"subscriber_id":"firewall-engine"}}
{"timestamp":"2026-04-16T11:39:09.7735472Z","level":"INFO","message":"Domain blocked","data":{"domain":"messenger.com"}}
{"timestamp":"2026-04-16T11:39:09.7746372Z","level":"INFO","message":"Domain blocked","data":{"domain":"instagram.com"}}
{"timestamp":"2026-04-16T11:39:09.7756997Z","level":"INFO","message":"Domain blocked","data":{"domain":"twitter.jp"}}
{"timestamp":"2026-04-16T11:39:09.7768131Z","level":"INFO","message":"Domain blocked","data":{"domain":"fb.com"}}
{"timestamp":"2026-04-16T11:39:09.7774027Z","level":"INFO","message":"Domain blocked","data":{"domain":"fb.me"}}
{"timestamp":"2026-04-16T11:39:09.7785002Z","level":"INFO","message":"Domain blocked","data":{"domain":"fbcdn.com"}}
{"timestamp":"2026-04-16T11:39:09.7795249Z","level":"INFO","message":"Domain blocked","data":{"domain":"tweetdeck.com"}}
{"timestamp":"2026-04-16T11:39:09.7808799Z","level":"INFO","message":"Domain blocked","data":{"domain":"t.co"}}
{"timestamp":"2026-04-16T11:39:09.7819522Z","level":"INFO","message":"Domain blocked","data":{"domain":"facebook.com"}}
{"timestamp":"2026-04-16T11:39:09.7825747Z","level":"INFO","message":"Domain blocked","data":{"domain":"fbcdn.net"}}
{"timestamp":"2026-04-16T11:39:09.7836764Z","level":"INFO","message":"Domain blocked","data":{"domain":"facebook.net"}}
{"timestamp":"2026-04-16T11:39:09.7842349Z","level":"INFO","message":"Domain blocked","data":{"domain":"twimg.com"}}
{"timestamp":"2026-04-16T11:39:09.7853343Z","level":"INFO","message":"Domain blocked","data":{"domain":"twitter.com"}}
{"timestamp":"2026-04-16T11:39:09.7863865Z","level":"INFO","message":"Domain blocked","data":{"domain":"x.com"}}
{"timestamp":"2026-04-16T11:39:09.7874274Z","level":"INFO","message":"Domain blocked","data":{"domain":"twitpic.com"}}
{"timestamp":"2026-04-16T11:39:09.7880068Z","level":"INFO","message":"Domain blocked","data":{"domain":"fbsbx.com"}}
{"timestamp":"2026-04-16T11:39:09.7891469Z","level":"INFO","message":"Domain blocked","data":{"domain":"fbpigeon.com"}}
{"timestamp":"2026-04-16T11:39:09.7897485Z","level":"INFO","message":"Bulk domain sync via control API","data":{"cleared":0,"synced":17}}
{"timestamp":"2026-04-16T11:40:54.0722148Z","level":"INFO","message":"Metadata subscriber disconnected","data":{"subscriber_id":"firewall-engine"}}
